[john.doe@mit.edu] EMAIL Subject: Nova Library - Secure Access OTP | Body: Hello john_doe,

Your secure access OTP code is 859091.

This code expires in 2 minutes.

Nova System Security Node
[john.doe@mit.edu] EMAIL Subject: Nova Library - Secure Access OTP | Body: Hello john_doe,

Your secure access OTP code is 249940.

This code expires in 2 minutes.

Nova System Security Node
[shashanksinghrajput76@gmail.com] EMAIL Subject: Nova Library - Secure Access OTP | Body: Hello shashank,

Your secure access OTP code is 329122.

This code expires in 2 minutes.

Nova System Security Node
[shashanksinghrajput76@gmail.com] EMAIL Subject: Nova Library - Secure Access OTP | Body: Hello shashank,

Your secure access OTP code is 303546.

This code expires in 2 minutes.

Nova System Security Node
[8919733305] SMS: Nova Library: Your verification OTP is 157742. Valid for 2 minutes.
[john.doe@mit.edu] EMAIL Subject: Nova Library - Secure Access OTP | Body: Hello john_doe,

Your secure access OTP code is 932801.

This code expires in 2 minutes.

Nova System Security Node
[john.doe@mit.edu] EMAIL Subject: Nova Library - Secure Access OTP | Body: Hello john_doe,

Your secure access OTP code is 973980.

This code expires in 2 minutes.

Nova System Security Node
[john.doe@mit.edu] EMAIL Subject: Nova Library - Secure Access OTP | Body: Hello john_doe,

Your secure access OTP code is 471745.

This code expires in 2 minutes.

Nova System Security Node
[shashanksinghrajput76@gmail.com] EMAIL Subject: Nova Library - Secure Access OTP | Body: Hello shashank,

Your secure access OTP code is 319506.

This code expires in 2 minutes.

Nova System Security Node
[shashanksinghrajput76@gmail.com] EMAIL Subject: Nova Library - Secure Access OTP | Body: Hello shashank,

Your secure access OTP code is 605955.

This code expires in 2 minutes.

Nova System Security Node
[john.doe@mit.edu] EMAIL Subject: Nova Library - Secure Access OTP | Body: Hello john_doe,

Your secure access OTP code is 614380.

This code expires in 2 minutes.

Nova System Security Node | OTP: 614380
[shashanksinghrajput76@gmail.com] EMAIL Subject: Nova Library - Secure Access OTP | Body: Hello shashank,

Your secure access OTP code is 577173.

This code expires in 2 minutes.

Nova System Security Node | OTP: 577173
[shashanksinghrajput76@gmail.com] EMAIL Subject: Nova Library - Secure Access OTP | Body: Hello shashank,

Your secure access OTP code is 121712.

This code expires in 2 minutes.

Nova System Security Node | OTP: 121712
[john.doe@mit.edu] EMAIL Subject: Nova Library - Secure Access OTP | Body: Hello john_doe,

Your secure access OTP code is 238075.

This code expires in 2 minutes.

Nova System Security Node | OTP: 238075
[john.doe@mit.edu] EMAIL Subject: Nova Library - Secure Access OTP | Body: Hello john_doe,

Your secure access OTP code is 191593.

This code expires in 2 minutes.

Nova System Security Node | OTP: 191593
[john.doe@mit.edu] EMAIL Subject: Nova Library - Secure Access OTP | Body: Hello john_doe,

Your secure access OTP code is 798664.

This code expires in 2 minutes.

Nova System Security Node | OTP: 798664
[shashanksinghrajput76@gmail.com] EMAIL Subject: Nova Library - Secure Access OTP | Body: Hello shashank,

Your secure access OTP code is 355749.

This code expires in 2 minutes.

Nova System Security Node | OTP: 355749
[john.doe@mit.edu] EMAIL Subject: Nova Library - Secure Access OTP | Body: Hello john_doe,

Your secure access OTP code is 103758.

This code expires in 2 minutes.

Nova System Security Node | OTP: 103758
[mohammadbilalshaik2007@gmail.com] EMAIL Subject: Nova Library - Secure Access OTP | Body: Hello Bilal,

Your secure access OTP code is 485732.

This code expires in 2 minutes.

Nova System Security Node | OTP: 485732
[john.doe@mit.edu] EMAIL Subject: Nova Library - Secure Access OTP | Body: Hello john_doe,

Your secure access OTP code is 714203.

This code expires in 2 minutes.

Nova System Security Node | OTP: 714203
[john.doe@mit.edu] EMAIL Subject: Nova Library - Secure Access OTP | Body: Hello john_doe,

Your secure access OTP code is 891464.

This code expires in 2 minutes.

Nova System Security Node | OTP: 891464
[john.doe@mit.edu] EMAIL Subject: Nova Library - Secure Access OTP | Body: Hello john_doe,

Your secure access OTP code is 852030.

This code expires in 2 minutes.

Nova System Security Node | OTP: 852030
[john.doe@mit.edu] EMAIL Subject: Nova Library - Secure Access OTP | Body: Hello john_doe,

Your secure access OTP code is 905866.

This code expires in 2 minutes.

Nova System Security Node | OTP: 905866
[john.doe@mit.edu] EMAIL Subject: Nova Library - Secure Access OTP | Body: Hello john_doe,

Your secure access OTP code is 664514.

This code expires in 2 minutes.

Nova System Security Node | OTP: 664514
[john.doe@mit.edu] EMAIL Subject: Nova Library - Secure Access OTP | Body: Hello john_doe,

Your secure access OTP code is 596088.

This code expires in 2 minutes.

Nova System Security Node | OTP: 596088
[john.doe@mit.edu] EMAIL Subject: Nova Library - Secure Access OTP | Body: Hello john_doe,

Your secure access OTP code is 663254.

This code expires in 2 minutes.

Nova System Security Node | OTP: 663254
[john.doe@mit.edu] EMAIL Subject: Nova Library - Secure Access OTP | Body: Hello john_doe,

Your secure access OTP code is 375857.

This code expires in 2 minutes.

Nova System Security Node | OTP: 375857
[john.doe@mit.edu] EMAIL Subject: Nova Library - Secure Access OTP | Body: Hello john_doe,

Your secure access OTP code is 349383.

This code expires in 2 minutes.

Nova System Security Node | OTP: 349383
[john.doe@mit.edu] EMAIL Subject: Nova Library - Secure Access OTP | Body: Hello john_doe,

Your secure access OTP code is 305851.

This code expires in 2 minutes.

Nova System Security Node | OTP: 305851
[john.doe@mit.edu] EMAIL Subject: Nova Library - Secure Access OTP | Body: Hello john_doe,

Your secure access OTP code is 625870.

This code expires in 5 minutes.

Nova System Security Node | OTP: 625870
[shashanksingh867r@gmail.com] EMAIL Subject: Nova Library - Secure Access OTP | Body: Hello shashank singh,

Your secure access OTP code is 796566.

This code expires in 5 minutes.

Nova System Security Node | OTP: 796566
[+918919733305] SMS: Nova Library: Your verification OTP is 796566. Valid for 5 minutes. | OTP: 796566
[shashanksingh867r@gmail.com] EMAIL Subject: Nova Library - Secure Access OTP | Body: Hello shashank singh,

Your secure access OTP code is 918553.

This code expires in 5 minutes.

Nova System Security Node | OTP: 918553
[+918919733305] SMS: Nova Library: Your verification OTP is 918553. Valid for 5 minutes. | OTP: 918553
